[demo.adminmart.com/minimalism-lite-master/src/html/index.html]
[demo.adminmart.com/minimalism-lite-master/src/assets/images/favicon.png]
[backblue.gif]
[fade.gif]
[index.html]
[demo.adminmart.com/minimalism-lite-master/src/assets/images/logo-icon.png]
[demo.adminmart.com/minimalism-lite-master/src/assets/images/logo-text.png]
[demo.adminmart.com/minimalism-lite-master/src/assets/images/logo-light-text.png]
[demo.adminmart.com/minimalism-lite-master/src/assets/images/users/profile-pic.jpg]
[demo.adminmart.com/minimalism-lite-master/src/html/ticket-list.html]
[demo.adminmart.com/minimalism-lite-master/src/html/app-chat.html]
[demo.adminmart.com/minimalism-lite-master/src/html/app-calendar.html]
[demo.adminmart.com/minimalism-lite-master/src/html/form-inputs.html]
[demo.adminmart.com/minimalism-lite-master/src/html/form-input-grid.html]
[demo.adminmart.com/minimalism-lite-master/src/html/form-checkbox-radio.html]
[demo.adminmart.com/minimalism-lite-master/src/html/table-basic.html]
[demo.adminmart.com/minimalism-lite-master/src/html/table-sizing.html]
[demo.adminmart.com/minimalism-lite-master/src/html/table-dark-basic.html]
[demo.adminmart.com/minimalism-lite-master/src/html/table-layout-coloured.html]
[demo.adminmart.com/minimalism-lite-master/src/html/table-datatable-basic.html]
[demo.adminmart.com/minimalism-lite-master/src/html/chart-morris.html]
[demo.adminmart.com/minimalism-lite-master/src/html/chart-chart-js.html]
[demo.adminmart.com/minimalism-lite-master/src/html/chart-knob.html]
[demo.adminmart.com/minimalism-lite-master/src/html/ui-modals.html]
[demo.adminmart.com/minimalism-lite-master/src/html/ui-buttons.html]
[demo.adminmart.com/minimalism-lite-master/src/html/ui-tab.html]
[demo.adminmart.com/minimalism-lite-master/src/html/ui-tooltip-popover.html]
[demo.adminmart.com/minimalism-lite-master/src/html/ui-notification.html]
[demo.adminmart.com/minimalism-lite-master/src/html/ui-typography.html]
[demo.adminmart.com/minimalism-lite-master/src/html/ui-bootstrap.html]
[demo.adminmart.com/minimalism-lite-master/src/html/ui-progressbar.html]
[demo.adminmart.com/minimalism-lite-master/src/html/ui-breadcrumb.html]
[demo.adminmart.com/minimalism-lite-master/src/html/ui-list-media.html]
[demo.adminmart.com/minimalism-lite-master/src/html/ui-grid.html]
[demo.adminmart.com/minimalism-lite-master/src/html/ui-carousel.html]
[demo.adminmart.com/minimalism-lite-master/src/html/ui-scrollspy.html]
[demo.adminmart.com/minimalism-lite-master/src/html/ui-toasts.html]
[demo.adminmart.com/minimalism-lite-master/src/html/ui-spinner.html]
[demo.adminmart.com/minimalism-lite-master/src/html/ui-cards.html]
[demo.adminmart.com/minimalism-lite-master/src/html/authentication-login1.html]
[demo.adminmart.com/minimalism-lite-master/src/html/authentication-register1.html]
[demo.adminmart.com/minimalism-lite-master/src/html/icon-fontawesome.html]
[demo.adminmart.com/minimalism-lite-master/src/html/icon-simple-lineicon.html]
[demo.adminmart.com/minimalism-lite-master/src/assets/images/users/widget-table-pic1.jpg]
[demo.adminmart.com/minimalism-lite-master/src/assets/images/users/widget-table-pic2.jpg]
[demo.adminmart.com/minimalism-lite-master/src/assets/images/users/widget-table-pic3.jpg]
[demo.adminmart.com/minimalism-lite-master/src/assets/images/users/widget-table-pic4.jpg]
[demo.adminmart.com/minimalism-lite-master/src/assets/libs/jquery/dist/jquery.min.js]
[demo.adminmart.com/minimalism-lite-master/src/assets/libs/popper.js/dist/umd/popper.min.js]
[demo.adminmart.com/minimalism-lite-master/src/assets/libs/bootstrap/dist/js/bootstrap.min.js]
[demo.adminmart.com/minimalism-lite-master/src/dist/js/app-style-switcher.js]
[demo.adminmart.com/minimalism-lite-master/src/dist/js/feather.min.js]
[demo.adminmart.com/minimalism-lite-master/src/assets/libs/perfect-scrollbar/dist/perfect-scrollbar.jquery.min.js]
[demo.adminmart.com/minimalism-lite-master/src/dist/js/sidebarmenu.js]
[demo.adminmart.com/minimalism-lite-master/src/dist/js/custom.min.js]
[demo.adminmart.com/minimalism-lite-master/src/assets/extra-libs/c3/d3.min.js]
[demo.adminmart.com/minimalism-lite-master/src/assets/extra-libs/c3/c3.min.js]
[demo.adminmart.com/minimalism-lite-master/src/assets/libs/chartist/dist/chartist.min.js]
[demo.adminmart.com/minimalism-lite-master/src/assets/libs/chartist-plugin-tooltips/dist/chartist-plugin-tooltip.min.js]
[demo.adminmart.com/minimalism-lite-master/src/assets/extra-libs/jvector/jquery-jvectormap-2.0.2.min.js]
[demo.adminmart.com/minimalism-lite-master/src/assets/extra-libs/jvector/jquery-jvectormap-world-mill-en.js]
[demo.adminmart.com/minimalism-lite-master/src/dist/js/pages/dashboards/dashboard1.min.js]
[demo.adminmart.com/minimalism-lite-master/src/html/index.html]
[demo.adminmart.com/minimalism-lite-master/src/assets/extra-libs/c3/c3.min.css]
[demo.adminmart.com/minimalism-lite-master/src/assets/libs/chartist/dist/chartist.min.css]
[demo.adminmart.com/minimalism-lite-master/src/assets/extra-libs/jvector/jquery-jvectormap-2.0.2.css]
[demo.adminmart.com/minimalism-lite-master/src/dist/css/icons/font-awesome/webfonts/fa-brands-400.eot]
[demo.adminmart.com/minimalism-lite-master/src/dist/css/icons/font-awesome/webfonts/fa-brands-400d41d.eot]
[demo.adminmart.com/minimalism-lite-master/src/dist/css/icons/font-awesome/webfonts/fa-brands-400.woff2]
[demo.adminmart.com/minimalism-lite-master/src/dist/css/icons/font-awesome/webfonts/fa-brands-400.woff]
[demo.adminmart.com/minimalism-lite-master/src/dist/css/icons/font-awesome/webfonts/fa-brands-400.ttf]
[demo.adminmart.com/minimalism-lite-master/src/dist/css/icons/font-awesome/webfonts/fa-regular-400.eot]
[demo.adminmart.com/minimalism-lite-master/src/dist/css/icons/font-awesome/webfonts/fa-regular-400d41d.eot]
[demo.adminmart.com/minimalism-lite-master/src/dist/css/icons/font-awesome/webfonts/fa-regular-400.woff2]
[demo.adminmart.com/minimalism-lite-master/src/dist/css/icons/font-awesome/webfonts/fa-regular-400.woff]
[demo.adminmart.com/minimalism-lite-master/src/dist/css/icons/font-awesome/webfonts/fa-regular-400.ttf]
[demo.adminmart.com/minimalism-lite-master/src/dist/css/icons/font-awesome/webfonts/fa-solid-900.eot]
[demo.adminmart.com/minimalism-lite-master/src/dist/css/icons/font-awesome/webfonts/fa-solid-900d41d.eot]
[demo.adminmart.com/minimalism-lite-master/src/dist/css/icons/font-awesome/webfonts/fa-solid-900.woff2]
[demo.adminmart.com/minimalism-lite-master/src/dist/css/icons/font-awesome/webfonts/fa-solid-900.woff]
[demo.adminmart.com/minimalism-lite-master/src/dist/css/icons/font-awesome/webfonts/fa-solid-900.ttf]
[demo.adminmart.com/minimalism-lite-master/src/dist/css/icons/simple-line-icons/fonts/Simple-Line-Icons4c82.eot]
[demo.adminmart.com/minimalism-lite-master/src/dist/css/icons/simple-line-icons/fonts/Simple-Line-Iconsd41d.eot]
[demo.adminmart.com/minimalism-lite-master/src/dist/css/icons/simple-line-icons/fonts/Simple-Line-Icons4c82.ttf]
[demo.adminmart.com/minimalism-lite-master/src/dist/css/icons/simple-line-icons/fonts/Simple-Line-Icons4c82.woff2]
[demo.adminmart.com/minimalism-lite-master/src/dist/css/icons/simple-line-icons/fonts/Simple-Line-Icons4c82.woff]
[demo.adminmart.com/minimalism-lite-master/src/dist/css/icons/themify-icons/fonts/themify9f24.eot]
[demo.adminmart.com/minimalism-lite-master/src/dist/css/icons/themify-icons/fonts/themifyd41d.eot]
[demo.adminmart.com/minimalism-lite-master/src/dist/css/icons/themify-icons/fonts/themify.woff]
[demo.adminmart.com/minimalism-lite-master/src/dist/css/icons/themify-icons/fonts/themify.ttf]
[demo.adminmart.com/minimalism-lite-master/src/assets/images/custom-select.png]
[demo.adminmart.com/minimalism-lite-master/src/assets/images/users/profile-pic-2.jpg]
[demo.adminmart.com/minimalism-lite-master/src/assets/images/landingpage/banner-bg.png]
[demo.adminmart.com/minimalism-lite-master/src/assets/images/landingpage/section-bg.png]
[demo.adminmart.com/minimalism-lite-master/src/assets/images/landingpage/icon-sprite.jpg]
[demo.adminmart.com/minimalism-lite-master/src/dist/css/fonts/TofinoPersonal-Mediumd41d.eot]
[demo.adminmart.com/minimalism-lite-master/src/dist/css/fonts/TofinoPersonal-Medium.otf]
[demo.adminmart.com/minimalism-lite-master/src/dist/css/fonts/TofinoPersonal-Medium.woff]
[demo.adminmart.com/minimalism-lite-master/src/dist/css/fonts/TofinoPersonal-Medium.ttf]
[demo.adminmart.com/minimalism-lite-master/src/dist/css/fonts/TofinoPersonal-Regulard41d.eot]
[demo.adminmart.com/minimalism-lite-master/src/dist/css/fonts/TofinoPersonal-Regular.otf]
[demo.adminmart.com/minimalism-lite-master/src/dist/css/fonts/TofinoPersonal-Regular.woff]
[demo.adminmart.com/minimalism-lite-master/src/dist/css/fonts/TofinoPersonal-Regular.ttf]
[demo.adminmart.com/minimalism-lite-master/src/dist/css/fonts/TofinoPersonal-Bookd41d.eot]
[demo.adminmart.com/minimalism-lite-master/src/dist/css/fonts/TofinoPersonal-Book.otf]
[demo.adminmart.com/minimalism-lite-master/src/dist/css/fonts/TofinoPersonal-Book.woff]
[demo.adminmart.com/minimalism-lite-master/src/dist/css/fonts/TofinoPersonal-Book.ttf]
[demo.adminmart.com/minimalism-lite-master/src/dist/css/fonts/Gilmer-Heavyd41d.eot]
[demo.adminmart.com/minimalism-lite-master/src/dist/css/fonts/Gilmer-Heavy.otf]
[demo.adminmart.com/minimalism-lite-master/src/dist/css/fonts/Gilmer-Heavy.woff]
[demo.adminmart.com/minimalism-lite-master/src/dist/css/fonts/Gilmer-Heavy.ttf]
[demo.adminmart.com/minimalism-lite-master/src/dist/css/fonts/Gilmer-Regulard41d.eot]
[demo.adminmart.com/minimalism-lite-master/src/dist/css/fonts/Gilmer-Regular.otf]
[demo.adminmart.com/minimalism-lite-master/src/dist/css/fonts/Gilmer-Regular.woff]
[demo.adminmart.com/minimalism-lite-master/src/dist/css/fonts/Gilmer-Regular.ttf]
[demo.adminmart.com/minimalism-lite-master/src/dist/css/fonts/Gilmer-Mediumd41d.eot]
[demo.adminmart.com/minimalism-lite-master/src/dist/css/fonts/Gilmer-Medium.otf]
[demo.adminmart.com/minimalism-lite-master/src/dist/css/fonts/Gilmer-Medium.woff]
[demo.adminmart.com/minimalism-lite-master/src/dist/css/fonts/Gilmer-Medium.ttf]
[demo.adminmart.com/minimalism-lite-master/src/dist/css/fonts/Gilmer-Boldd41d.eot]
[demo.adminmart.com/minimalism-lite-master/src/dist/css/fonts/Gilmer-Bold.otf]
[demo.adminmart.com/minimalism-lite-master/src/dist/css/fonts/Gilmer-Bold.woff]
[demo.adminmart.com/minimalism-lite-master/src/dist/css/fonts/Gilmer-Bold.ttf]
[demo.adminmart.com/minimalism-lite-master/src/dist/css/style.min.css]
[demo.adminmart.com/minimalism-lite-master/src/html/ticket-list.html]
[demo.adminmart.com/minimalism-lite-master/src/assets/images/users/1.jpg]
[demo.adminmart.com/minimalism-lite-master/src/assets/images/users/2.jpg]
[demo.adminmart.com/minimalism-lite-master/src/assets/images/users/3.jpg]
[demo.adminmart.com/minimalism-lite-master/src/assets/images/users/4.jpg]
[demo.adminmart.com/minimalism-lite-master/src/assets/images/users/5.jpg]
[demo.adminmart.com/minimalism-lite-master/src/assets/images/users/6.jpg]
[demo.adminmart.com/minimalism-lite-master/src/assets/images/users/7.jpg]
[demo.adminmart.com/minimalism-lite-master/src/assets/images/users/8.jpg]
[demo.adminmart.com/minimalism-lite-master/src/html/app-chat.html]
[demo.adminmart.com/minimalism-lite-master/src/assets/extra-libs/taskboard/js/jquery.ui.touch-punch-improved.js]
[demo.adminmart.com/minimalism-lite-master/src/assets/extra-libs/taskboard/js/jquery-ui.min.js]
[demo.adminmart.com/minimalism-lite-master/src/assets/libs/moment/min/moment.min.js]
[demo.adminmart.com/minimalism-lite-master/src/assets/libs/fullcalendar/dist/fullcalendar.min.js]
[demo.adminmart.com/minimalism-lite-master/src/dist/js/pages/calendar/cal-init.js]
[demo.adminmart.com/minimalism-lite-master/src/html/app-calendar.html]
[demo.adminmart.com/minimalism-lite-master/src/assets/extra-libs/sparkline/sparkline.js]
[demo.adminmart.com/minimalism-lite-master/src/html/form-inputs.html]
[demo.adminmart.com/minimalism-lite-master/src/html/form-input-grid.html]
[demo.adminmart.com/minimalism-lite-master/src/html/form-checkbox-radio.html]
[demo.adminmart.com/minimalism-lite-master/src/html/table-basic.html]
[demo.adminmart.com/minimalism-lite-master/src/html/table-dark-basic.html]
[demo.adminmart.com/minimalism-lite-master/src/html/table-sizing.html]
[demo.adminmart.com/minimalism-lite-master/src/html/table-layout-coloured.html]
[demo.adminmart.com/minimalism-lite-master/src/assets/extra-libs/datatables.net/js/jquery.dataTables.min.js]
[demo.adminmart.com/minimalism-lite-master/src/dist/js/pages/datatable/datatable-basic.init.js]
[demo.adminmart.com/minimalism-lite-master/src/html/table-datatable-basic.html]
[demo.adminmart.com/minimalism-lite-master/src/assets/libs/raphael/raphael.min.js]
[demo.adminmart.com/minimalism-lite-master/src/assets/libs/morris.js/morris.min.js]
[demo.adminmart.com/minimalism-lite-master/src/dist/js/pages/morris/morris-data.js]
[demo.adminmart.com/minimalism-lite-master/src/html/chart-morris.html]
[demo.adminmart.com/minimalism-lite-master/src/dist/js/pages/chartjs/chartjs.init.js]
[demo.adminmart.com/minimalism-lite-master/src/assets/libs/chart.js/dist/Chart.min.js]
[demo.adminmart.com/minimalism-lite-master/src/html/chart-chart-js.html]
[demo.adminmart.com/minimalism-lite-master/src/assets/extra-libs/knob/jquery.knob.min.js]
[demo.adminmart.com/minimalism-lite-master/src/html/chart-knob.html]
[demo.adminmart.com/minimalism-lite-master/src/assets/extra-libs/prism/prism.js]
[demo.adminmart.com/minimalism-lite-master/src/html/ui-buttons.html]
[demo.adminmart.com/minimalism-lite-master/src/html/ui-modals.html]
[demo.adminmart.com/minimalism-lite-master/src/html/ui-tab.html]
[demo.adminmart.com/minimalism-lite-master/src/html/ui-tooltip-popover.html]
[demo.adminmart.com/minimalism-lite-master/src/html/ui-notification.html]
[demo.adminmart.com/minimalism-lite-master/src/html/ui-progressbar.html]
[demo.adminmart.com/minimalism-lite-master/src/html/ui-typography.html]
[demo.adminmart.com/minimalism-lite-master/src/assets/images/big/img1.jpg]
[demo.adminmart.com/minimalism-lite-master/src/html/ui-bootstrap.html]
[demo.adminmart.com/minimalism-lite-master/src/html/ui-breadcrumb.html]
[demo.adminmart.com/minimalism-lite-master/src/html/ui-list-media.html]
[demo.adminmart.com/minimalism-lite-master/src/html/ui-grid.html]
[demo.adminmart.com/minimalism-lite-master/src/assets/images/big/img2.jpg]
[demo.adminmart.com/minimalism-lite-master/src/assets/images/big/img3.jpg]
[demo.adminmart.com/minimalism-lite-master/src/assets/images/big/img4.jpg]
[demo.adminmart.com/minimalism-lite-master/src/assets/images/big/img5.jpg]
[demo.adminmart.com/minimalism-lite-master/src/assets/images/big/img6.jpg]
[demo.adminmart.com/minimalism-lite-master/src/html/ui-carousel.html]
[demo.adminmart.com/minimalism-lite-master/src/html/ui-scrollspy.html]
[demo.adminmart.com/minimalism-lite-master/src/html/ui-toasts.html]
[demo.adminmart.com/minimalism-lite-master/src/html/ui-spinner.html]
[demo.adminmart.com/minimalism-lite-master/src/html/ui-cards.html]
[demo.adminmart.com/minimalism-lite-master/src/assets/images/big/auth-bg.jpg]
[demo.adminmart.com/minimalism-lite-master/src/assets/images/big/3.jpg]
[demo.adminmart.com/minimalism-lite-master/src/assets/images/big/icon.png]
[demo.adminmart.com/minimalism-lite-master/src/html/authentication-login1.html]
[demo.adminmart.com/minimalism-lite-master/src/html/authentication-register1.html]
[demo.adminmart.com/minimalism-lite-master/src/html/icon-fontawesome.html]
[demo.adminmart.com/minimalism-lite-master/src/html/icon-simple-lineicon.html]
[demo.adminmart.com/minimalism-lite-master/src/dist/css/icons/font-awesome/webfonts/fa-brands-400.svg]
[demo.adminmart.com/minimalism-lite-master/src/dist/css/icons/font-awesome/webfonts/fa-regular-400.svg]
[demo.adminmart.com/minimalism-lite-master/src/dist/css/icons/font-awesome/webfonts/fa-solid-900.svg]
[demo.adminmart.com/minimalism-lite-master/src/dist/css/icons/simple-line-icons/fonts/Simple-Line-Icons4c82.svg]
[demo.adminmart.com/minimalism-lite-master/src/dist/css/icons/themify-icons/fonts/themify9f24.svg]
[demo.adminmart.com/minimalism-lite-master/src/dist/css/fonts/TofinoPersonal-Medium.svg]
[demo.adminmart.com/minimalism-lite-master/src/dist/css/fonts/TofinoPersonal-Regular.svg]
[demo.adminmart.com/minimalism-lite-master/src/dist/css/fonts/TofinoPersonal-Book.svg]
[demo.adminmart.com/minimalism-lite-master/src/dist/css/fonts/Gilmer-Heavy.svg]
[demo.adminmart.com/minimalism-lite-master/src/dist/css/fonts/Gilmer-Regular.svg]
[demo.adminmart.com/minimalism-lite-master/src/dist/css/fonts/Gilmer-Medium.svg]
[demo.adminmart.com/minimalism-lite-master/src/dist/css/fonts/Gilmer-Bold.svg]
[demo.adminmart.com/minimalism-lite-master/src/assets/libs/fullcalendar/dist/fullcalendar.min.css]
[demo.adminmart.com/minimalism-lite-master/src/assets/extra-libs/datatables.net-bs4/css/dataTables.bootstrap4.css]
[demo.adminmart.com/minimalism-lite-master/src/assets/libs/morris.js/morris.css]
[demo.adminmart.com/minimalism-lite-master/src/assets/extra-libs/prism/prism.css]
[demo.adminmart.com/minimalism-lite-master/src/dist/css/style.css]
[demo.adminmart.com/minimalism-lite-master/src/dist/css/icons/font-awesome/css/fontawesome-all.css]
[demo.adminmart.com/minimalism-lite-master/src/dist/css/icons/simple-line-icons/css/simple-line-icons.css]
[demo.adminmart.com/minimalism-lite-master/src/dist/css/icons/themify-icons/themify-icons.css]
[demo.adminmart.com/minimalism-lite-master/src/dist/js/app.min.html]
[demo.adminmart.com/minimalism-lite-master/src/dist/js/app.init-menusidebar.html]
